Log file: E:\Repo\UE\Projects\MetaHumanTo3DCharacter\Working\Phase4A\native_build.log
Determining max actions to execute in parallel (24 physical cores, 32 logical cores)
  Executing up to 24 processes, one per physical core
Failed to read makefile E:\Repo\UE\Projects\MetaHumanTo3DCharacter\Working\Phase4A\NativeHost\Intermediate\Build\Win64\x64\UnrealEditor\Development\Makefile.bin: Index and count must refer to a location within the buffer. (Parameter 'bytes')
Creating makefile for UnrealEditor (couldn't read existing makefile)
Available x64 toolchains (1):
 * C:\Program Files\Microsoft Visual Studio\18\Community\VC\Tools\MSVC\14.51.36231
    (Family=14.51.36231, FamilyRank=2, Version=14.51.36256, HostArchitecture=x64, ReleaseChannel=Latest, Architecture=x64)
Unavailable x64 toolchains (1):
 * C:\Program Files\Microsoft Visual Studio\18\Community\VC\Tools\MSVC\14.39.33519
    (Family=14.39.33519, FamilyRank=2, Version=14.39.33523, HostArchitecture=x64, ReleaseChannel=Latest, Architecture=x64, Error="UnrealBuildTool has banned the MSVC 14.39.0-14.39.99999 toolchains due to compiler issues. Please install a different toolchain such as 14.50.35717 by opening the generated solution and installing recommended components or from the Visual Studio installer.")
Visual Studio compiler version 14.51.36256 is newer than latest preferred version 14.50.35717. Please use caution as this compiler has not been heavily tested
Building UnrealEditor...
===== Toolchain Information =====
Using ISPC compiler (D:\Epic Games\UE_5.8\Engine\Source\ThirdParty\Intel\ISPC\bin\Windows\ispc.exe)
  Intel(r) Implicit SPMD Program Compiler (Intel(r) ISPC), 1.24.0 (build commit  @ 20250404, LLVM 18.1.2) 
Using Visual Studio 14.51.36256 toolchain (C:\Program Files\Microsoft Visual Studio\18\Community\VC\Tools\MSVC\14.51.36231) and Windows 10.0.26100.0 SDK (C:\Program Files (x86)\Windows Kits\10).
Warning: Visual Studio compiler 14.51.36256 is not a preferred version
[Adaptive Build] Excluded from Phase4ATools unity file: Phase4ALibrary.cpp
=================================
Using Unreal Build Accelerator local executor to run 7 action(s)
Unhandled 1 aggregate exceptions
Unhandled exception: Exception: UBA executor is not expected to be invoked from a recursive UBT call.
   at UnrealBuildTool.UBAExecutor.Init(IEnumerable`1 targetDescriptors, ILogger logger)
   at System.Threading.ExecutionContext.RunInternal(ExecutionContext executionContext, ContextCallback callback, Object state)
--- End of stack trace from previous location ---
   at System.Threading.ExecutionContext.RunInternal(ExecutionContext executionContext, ContextCallback callback, Object state)
   at System.Threading.Tasks.Task.ExecuteWithThreadLocal(Task& currentTaskSlot, Thread threadPoolThread)
--- End of stack trace from previous location ---
   at UnrealBuildTool.UBAExecutor.ExecuteActionsAsync(IEnumerable`1 inputActions, ILogger logger)
   at UnrealBuildTool.ActionGraph.InternalExecuteActions(ActionExecutor Executor, List`1 ActionsToExecute, ILogger Logger)
   at UnrealBuildTool.ActionGraph.ExecuteActionsAsync(BuildConfiguration BuildConfiguration, List`1 ActionsToExecute, List`1 TargetDescriptors, ILogger Logger, ActionExecutor executor)
   at UnrealBuildTool.BuildMode.BuildAsync(List`1 Targets, BuildConfiguration BuildConfiguration, BuildOptions Options, FileReference WriteOutdatedActionsFile, CppDependencyCache cppDependencyCache, ILogger Logger, String ActionTypeFilter, ActionExecutor executor)
   at UnrealBuildTool.BuildMode.ExecuteAsync(CommandLineArguments Arguments, ILogger Logger)

Result: Failed (OtherCompilationError)
Total execution time: 2.57 seconds
