Phase4DLibrary.cpp
D:\Epic Games\UE_5.8\Engine\Source\Runtime\CoreUObject\Public\UObject\Class.h(4314,31): warning C4996: 'UObject::GetAssetRegistryTags': Implement the version that takes FAssetRegistryTagsContext instead. - Please update your code to the new API before upgrading to the next release, otherwise your project will no longer compile.
	COREUOBJECT_API virtual void GetAssetRegistryTags(TArray<FAssetRegistryTag>& OutTags) const override;
	                             ^
D:\Epic Games\UE_5.8\Engine\Source\Runtime\CoreUObject\Public\UObject\Class.h(4341,43): warning C4996: 'UStruct::ActivateTrackingPropertyValueFlag': This API is internal to the engine. As such, there is no guarantee that it won't change or be removed in future releases. Please use at your own risk.
	UE_INTERNAL COREUOBJECT_API virtual bool ActivateTrackingPropertyValueFlag(EPropertyValueFlags Flags, void* Data) const override;
	                                         ^
D:\Epic Games\UE_5.8\Engine\Source\Runtime\CoreUObject\Public\UObject\Class.h(4342,43): warning C4996: 'UStruct::IsTrackingPropertyValueFlag': This API is internal to the engine. As such, there is no guarantee that it won't change or be removed in future releases. Please use at your own risk.
	UE_INTERNAL COREUOBJECT_API virtual bool IsTrackingPropertyValueFlag(EPropertyValueFlags Flags, const void* Data) const override;
	                                         ^
D:\Epic Games\UE_5.8\Engine\Source\Runtime\CoreUObject\Public\UObject\Class.h(4343,43): warning C4996: 'UStruct::HasPropertyValueFlag': This API is internal to the engine. As such, there is no guarantee that it won't change or be removed in future releases. Please use at your own risk.
	UE_INTERNAL COREUOBJECT_API virtual bool HasPropertyValueFlag(EPropertyValueFlags Flags, const void* Data, const FProperty* Property, int32 ArrayIndex = 0) const override;
	                                         ^
D:\Epic Games\UE_5.8\Engine\Source\Runtime\CoreUObject\Public\UObject\Class.h(4344,43): warning C4996: 'UStruct::SetPropertyValueFlag': This API is internal to the engine. As such, there is no guarantee that it won't change or be removed in future releases. Please use at your own risk.
	UE_INTERNAL COREUOBJECT_API virtual void SetPropertyValueFlag(EPropertyValueFlags Flags, bool bValue, void* Data, const FProperty* Property, int32 ArrayIndex = 0) const override;
	                                         ^
D:\Epic Games\UE_5.8\Engine\Source\Runtime\CoreUObject\Public\UObject\Class.h(4345,43): warning C4996: 'UStruct::ResetPropertyValueFlags': This API is internal to the engine. As such, there is no guarantee that it won't change or be removed in future releases. Please use at your own risk.
	UE_INTERNAL COREUOBJECT_API virtual void ResetPropertyValueFlags(EPropertyValueFlags Flags, void* Data) const override;
	                                         ^
D:\Epic Games\UE_5.8\Engine\Source\Runtime\CoreUObject\Public\UObject\Class.h(4346,43): warning C4996: 'UStruct::SerializePropertyValueFlags': This API is internal to the engine. As such, there is no guarantee that it won't change or be removed in future releases. Please use at your own risk.
	UE_INTERNAL COREUOBJECT_API virtual void SerializePropertyValueFlags(EPropertyValueFlags Flags, void* Data, FStructuredArchiveRecord Record, FArchiveFieldName Name) const override;
	                                         ^
D:\Epic Games\UE_5.8\Engine\Source\Runtime\Engine\Public\Animation\AnimCurveMetadata.h(211,15): warning C4996: 'UObject::GetAssetRegistryTags': Implement the version that takes FAssetRegistryTagsContext instead. - Please update your code to the new API before upgrading to the next release, otherwise your project will no longer compile.
	virtual void GetAssetRegistryTags(TArray<FAssetRegistryTag>& OutTags) const override;
	             ^
D:\Epic Games\UE_5.8\Engine\Source\Runtime\Engine\Classes\Engine\SkeletalMesh.h(2606,26): warning C4996: 'UObject::GetAssetRegistryTags': Implement the version that takes FAssetRegistryTagsContext instead. - Please update your code to the new API before upgrading to the next release, otherwise your project will no longer compile.
	ENGINE_API virtual void GetAssetRegistryTags(TArray<FAssetRegistryTag>& OutTags) const override;
	                        ^
D:\Epic Games\UE_5.8\Engine\Source\Runtime\Engine\Classes\Engine\SkeletalMesh.h(3015,57): warning C4996: 'USkinnedAsset::GetLODInfoArray': Use GetLODInfo and GetLODNum instead. - Please update your code to the new API before upgrading to the next release, otherwise your project will no longer compile.
	ENGINE_API virtual const TArray<FSkeletalMeshLODInfo>& GetLODInfoArray() const override;
	                                                       ^
D:\Epic Games\UE_5.8\Engine\Source\Runtime\Engine\Classes\Engine\SkeletalMesh.h(3009,51): warning C4996: 'USkinnedAsset::GetLODInfoArray': Use GetLODInfo and GetLODNum instead. - Please update your code to the new API before upgrading to the next release, otherwise your project will no longer compile.
	ENGINE_API virtual TArray<FSkeletalMeshLODInfo>& GetLODInfoArray() override;
	                                                 ^
Module.Phase4DTools.cpp
D:\Epic Games\UE_5.8\Engine\Source\Runtime\CoreUObject\Public\UObject\Class.h(4314,31): warning C4996: 'UObject::GetAssetRegistryTags': Implement the version that takes FAssetRegistryTagsContext instead. - Please update your code to the new API before upgrading to the next release, otherwise your project will no longer compile.
	COREUOBJECT_API virtual void GetAssetRegistryTags(TArray<FAssetRegistryTag>& OutTags) const override;
	                             ^
D:\Epic Games\UE_5.8\Engine\Source\Runtime\CoreUObject\Public\UObject\Class.h(4341,43): warning C4996: 'UStruct::ActivateTrackingPropertyValueFlag': This API is internal to the engine. As such, there is no guarantee that it won't change or be removed in future releases. Please use at your own risk.
	UE_INTERNAL COREUOBJECT_API virtual bool ActivateTrackingPropertyValueFlag(EPropertyValueFlags Flags, void* Data) const override;
	                                         ^
D:\Epic Games\UE_5.8\Engine\Source\Runtime\CoreUObject\Public\UObject\Class.h(4342,43): warning C4996: 'UStruct::IsTrackingPropertyValueFlag': This API is internal to the engine. As such, there is no guarantee that it won't change or be removed in future releases. Please use at your own risk.
	UE_INTERNAL COREUOBJECT_API virtual bool IsTrackingPropertyValueFlag(EPropertyValueFlags Flags, const void* Data) const override;
	                                         ^
D:\Epic Games\UE_5.8\Engine\Source\Runtime\CoreUObject\Public\UObject\Class.h(4343,43): warning C4996: 'UStruct::HasPropertyValueFlag': This API is internal to the engine. As such, there is no guarantee that it won't change or be removed in future releases. Please use at your own risk.
	UE_INTERNAL COREUOBJECT_API virtual bool HasPropertyValueFlag(EPropertyValueFlags Flags, const void* Data, const FProperty* Property, int32 ArrayIndex = 0) const override;
	                                         ^
D:\Epic Games\UE_5.8\Engine\Source\Runtime\CoreUObject\Public\UObject\Class.h(4344,43): warning C4996: 'UStruct::SetPropertyValueFlag': This API is internal to the engine. As such, there is no guarantee that it won't change or be removed in future releases. Please use at your own risk.
	UE_INTERNAL COREUOBJECT_API virtual void SetPropertyValueFlag(EPropertyValueFlags Flags, bool bValue, void* Data, const FProperty* Property, int32 ArrayIndex = 0) const override;
	                                         ^
D:\Epic Games\UE_5.8\Engine\Source\Runtime\CoreUObject\Public\UObject\Class.h(4345,43): warning C4996: 'UStruct::ResetPropertyValueFlags': This API is internal to the engine. As such, there is no guarantee that it won't change or be removed in future releases. Please use at your own risk.
	UE_INTERNAL COREUOBJECT_API virtual void ResetPropertyValueFlags(EPropertyValueFlags Flags, void* Data) const override;
	                                         ^
D:\Epic Games\UE_5.8\Engine\Source\Runtime\CoreUObject\Public\UObject\Class.h(4346,43): warning C4996: 'UStruct::SerializePropertyValueFlags': This API is internal to the engine. As such, there is no guarantee that it won't change or be removed in future releases. Please use at your own risk.
	UE_INTERNAL COREUOBJECT_API virtual void SerializePropertyValueFlags(EPropertyValueFlags Flags, void* Data, FStructuredArchiveRecord Record, FArchiveFieldName Name) const override;
	                                         ^
fatal error RC1107: invalid usage; use RC /? for Help

