Using bundled DotNet SDK version: 10.0 win-x64
Running UnrealBuildTool: dotnet "..\..\Engine\Binaries\DotNET\UnrealBuildTool\UnrealBuildTool.dll" UnrealEditor Win64 Development -Project=E:\Repo\UE\Projects\MetaHumanTo3DCharacter\Working\Phase4F\BenchmarkRuns\01_FemaleBodyRigged\R2\AuthoringHost\AuthoringHost.uproject -WaitMutex -NoHotReloadFromIDE
Log file: C:\Users\Andre\AppData\Local\UnrealBuildTool\Log.txt
Determining max actions to execute in parallel (24 physical cores, 32 logical cores)
  Executing up to 24 processes, one per physical core
UbaServer - Listening on 0.0.0.0:1345
Available x64 toolchains (1):
 * C:\Program Files\Microsoft Visual Studio\18\Community\VC\Tools\MSVC\14.51.36231
    (Family=14.51.36231, FamilyRank=2, Version=14.51.36256, HostArchitecture=x64, ReleaseChannel=Latest, Architecture=x64)
Unavailable x64 toolchains (1):
 * C:\Program Files\Microsoft Visual Studio\18\Community\VC\Tools\MSVC\14.39.33519
    (Family=14.39.33519, FamilyRank=2, Version=14.39.33523, HostArchitecture=x64, ReleaseChannel=Latest, Architecture=x64, Error="UnrealBuildTool has banned the MSVC 14.39.0-14.39.99999 toolchains due to compiler issues. Please install a different toolchain such as 14.50.35717 by opening the generated solution and installing recommended components or from the Visual Studio installer.")
Visual Studio compiler version 14.51.36256 is newer than latest preferred version 14.50.35717. Please use caution as this compiler has not been heavily tested
Warning: Plugin 'RiggedUnitBridge' does not list plugin 'IKRig' as a dependency, but module 'RiggedUnitBridge' depends on module 'IKRig'.
UHT compiled-in object format Default
Building UnrealEditor...
===== Toolchain Information =====
Using ISPC compiler (D:\Epic Games\UE_5.8\Engine\Source\ThirdParty\Intel\ISPC\bin\Windows\ispc.exe)
  Intel(r) Implicit SPMD Program Compiler (Intel(r) ISPC), 1.24.0 (build commit  @ 20250404, LLVM 18.1.2) 
Using Visual Studio 14.51.36256 toolchain (C:\Program Files\Microsoft Visual Studio\18\Community\VC\Tools\MSVC\14.51.36231) and Windows 10.0.26100.0 SDK (C:\Program Files (x86)\Windows Kits\10).
Warning: Visual Studio compiler 14.51.36256 is not a preferred version
[Adaptive Build] Excluded from RiggedUnitBridge unity file: RiggedUnitBridgeLibrary.cpp
=================================
Using Unreal Build Accelerator local executor to run 5 action(s)
  CPU 24 physical cores, 32 logical cores
  Memory 63.7 GB physical, 30.84 GB/99.7 GB committed
  UBA Storage capacity 40 GB
[1/5] Compile [x64] Module.RiggedUnitBridge.cpp
D:\Epic Games\UE_5.8\Engine\Source\Runtime\CoreUObject\Public\UObject\Class.h(4314,31): warning C4996: 'UObject::GetAssetRegistryTags': Implement the version that takes FAssetRegistryTagsContext instead. - Please update your code to the new API before upgrading to the next release, otherwise your project will no longer compile.
	COREUOBJECT_API virtual void GetAssetRegistryTags(TArray<FAssetRegistryTag>& OutTags) const override;
	                             ^
D:\Epic Games\UE_5.8\Engine\Source\Runtime\CoreUObject\Public\UObject\Class.h(4341,43): warning C4996: 'UStruct::ActivateTrackingPropertyValueFlag': This API is internal to the engine. As such, there is no guarantee that it won't change or be removed in future releases. Please use at your own risk.
	UE_INTERNAL COREUOBJECT_API virtual bool ActivateTrackingPropertyValueFlag(EPropertyValueFlags Flags, void* Data) const override;
	                                         ^
D:\Epic Games\UE_5.8\Engine\Source\Runtime\CoreUObject\Public\UObject\Class.h(4342,43): warning C4996: 'UStruct::IsTrackingPropertyValueFlag': This API is internal to the engine. As such, there is no guarantee that it won't change or be removed in future releases. Please use at your own risk.
	UE_INTERNAL COREUOBJECT_API virtual bool IsTrackingPropertyValueFlag(EPropertyValueFlags Flags, const void* Data) const override;
	                                         ^
D:\Epic Games\UE_5.8\Engine\Source\Runtime\CoreUObject\Public\UObject\Class.h(4343,43): warning C4996: 'UStruct::HasPropertyValueFlag': This API is internal to the engine. As such, there is no guarantee that it won't change or be removed in future releases. Please use at your own risk.
	UE_INTERNAL COREUOBJECT_API virtual bool HasPropertyValueFlag(EPropertyValueFlags Flags, const void* Data, const FProperty* Property, int32 ArrayIndex = 0) const override;
	                                         ^
D:\Epic Games\UE_5.8\Engine\Source\Runtime\CoreUObject\Public\UObject\Class.h(4344,43): warning C4996: 'UStruct::SetPropertyValueFlag': This API is internal to the engine. As such, there is no guarantee that it won't change or be removed in future releases. Please use at your own risk.
	UE_INTERNAL COREUOBJECT_API virtual void SetPropertyValueFlag(EPropertyValueFlags Flags, bool bValue, void* Data, const FProperty* Property, int32 ArrayIndex = 0) const override;
	                                         ^
D:\Epic Games\UE_5.8\Engine\Source\Runtime\CoreUObject\Public\UObject\Class.h(4345,43): warning C4996: 'UStruct::ResetPropertyValueFlags': This API is internal to the engine. As such, there is no guarantee that it won't change or be removed in future releases. Please use at your own risk.
	UE_INTERNAL COREUOBJECT_API virtual void ResetPropertyValueFlags(EPropertyValueFlags Flags, void* Data) const override;
	                                         ^
D:\Epic Games\UE_5.8\Engine\Source\Runtime\CoreUObject\Public\UObject\Class.h(4346,43): warning C4996: 'UStruct::SerializePropertyValueFlags': This API is internal to the engine. As such, there is no guarantee that it won't change or be removed in future releases. Please use at your own risk.
	UE_INTERNAL COREUOBJECT_API virtual void SerializePropertyValueFlags(EPropertyValueFlags Flags, void* Data, FStructuredArchiveRecord Record, FArchiveFieldName Name) const override;
	                                         ^
[2/5] Compile [x64] RiggedUnitBridgeLibrary.cpp
D:\Epic Games\UE_5.8\Engine\Source\Runtime\CoreUObject\Public\UObject\Class.h(4314,31): warning C4996: 'UObject::GetAssetRegistryTags': Implement the version that takes FAssetRegistryTagsContext instead. - Please update your code to the new API before upgrading to the next release, otherwise your project will no longer compile.
	COREUOBJECT_API virtual void GetAssetRegistryTags(TArray<FAssetRegistryTag>& OutTags) const override;
	                             ^
D:\Epic Games\UE_5.8\Engine\Source\Runtime\CoreUObject\Public\UObject\Class.h(4341,43): warning C4996: 'UStruct::ActivateTrackingPropertyValueFlag': This API is internal to the engine. As such, there is no guarantee that it won't change or be removed in future releases. Please use at your own risk.
	UE_INTERNAL COREUOBJECT_API virtual bool ActivateTrackingPropertyValueFlag(EPropertyValueFlags Flags, void* Data) const override;
	                                         ^
D:\Epic Games\UE_5.8\Engine\Source\Runtime\CoreUObject\Public\UObject\Class.h(4342,43): warning C4996: 'UStruct::IsTrackingPropertyValueFlag': This API is internal to the engine. As such, there is no guarantee that it won't change or be removed in future releases. Please use at your own risk.
	UE_INTERNAL COREUOBJECT_API virtual bool IsTrackingPropertyValueFlag(EPropertyValueFlags Flags, const void* Data) const override;
	                                         ^
D:\Epic Games\UE_5.8\Engine\Source\Runtime\CoreUObject\Public\UObject\Class.h(4343,43): warning C4996: 'UStruct::HasPropertyValueFlag': This API is internal to the engine. As such, there is no guarantee that it won't change or be removed in future releases. Please use at your own risk.
	UE_INTERNAL COREUOBJECT_API virtual bool HasPropertyValueFlag(EPropertyValueFlags Flags, const void* Data, const FProperty* Property, int32 ArrayIndex = 0) const override;
	                                         ^
D:\Epic Games\UE_5.8\Engine\Source\Runtime\CoreUObject\Public\UObject\Class.h(4344,43): warning C4996: 'UStruct::SetPropertyValueFlag': This API is internal to the engine. As such, there is no guarantee that it won't change or be removed in future releases. Please use at your own risk.
	UE_INTERNAL COREUOBJECT_API virtual void SetPropertyValueFlag(EPropertyValueFlags Flags, bool bValue, void* Data, const FProperty* Property, int32 ArrayIndex = 0) const override;
	                                         ^
D:\Epic Games\UE_5.8\Engine\Source\Runtime\CoreUObject\Public\UObject\Class.h(4345,43): warning C4996: 'UStruct::ResetPropertyValueFlags': This API is internal to the engine. As such, there is no guarantee that it won't change or be removed in future releases. Please use at your own risk.
	UE_INTERNAL COREUOBJECT_API virtual void ResetPropertyValueFlags(EPropertyValueFlags Flags, void* Data) const override;
	                                         ^
D:\Epic Games\UE_5.8\Engine\Source\Runtime\CoreUObject\Public\UObject\Class.h(4346,43): warning C4996: 'UStruct::SerializePropertyValueFlags': This API is internal to the engine. As such, there is no guarantee that it won't change or be removed in future releases. Please use at your own risk.
	UE_INTERNAL COREUOBJECT_API virtual void SerializePropertyValueFlags(EPropertyValueFlags Flags, void* Data, FStructuredArchiveRecord Record, FArchiveFieldName Name) const override;
	                                         ^
D:\Epic Games\UE_5.8\Engine\Source\Runtime\Engine\Public\Animation\AnimCurveMetadata.h(211,15): warning C4996: 'UObject::GetAssetRegistryTags': Implement the version that takes FAssetRegistryTagsContext instead. - Please update your code to the new API before upgrading to the next release, otherwise your project will no longer compile.
	virtual void GetAssetRegistryTags(TArray<FAssetRegistryTag>& OutTags) const override;
	             ^
D:\Epic Games\UE_5.8\Engine\Source\Runtime\Engine\Classes\Engine\SkeletalMesh.h(2606,26): warning C4996: 'UObject::GetAssetRegistryTags': Implement the version that takes FAssetRegistryTagsContext instead. - Please update your code to the new API before upgrading to the next release, otherwise your project will no longer compile.
	ENGINE_API virtual void GetAssetRegistryTags(TArray<FAssetRegistryTag>& OutTags) const override;
	                        ^
D:\Epic Games\UE_5.8\Engine\Source\Runtime\Engine\Classes\Engine\SkeletalMesh.h(3015,57): warning C4996: 'USkinnedAsset::GetLODInfoArray': Use GetLODInfo and GetLODNum instead. - Please update your code to the new API before upgrading to the next release, otherwise your project will no longer compile.
	ENGINE_API virtual const TArray<FSkeletalMeshLODInfo>& GetLODInfoArray() const override;
	                                                       ^
D:\Epic Games\UE_5.8\Engine\Source\Runtime\Engine\Classes\Engine\SkeletalMesh.h(3009,51): warning C4996: 'USkinnedAsset::GetLODInfoArray': Use GetLODInfo and GetLODNum instead. - Please update your code to the new API before upgrading to the next release, otherwise your project will no longer compile.
	ENGINE_API virtual TArray<FSkeletalMeshLODInfo>& GetLODInfoArray() override;
	                                                 ^
D:\Epic Games\UE_5.8\Engine\Source\Runtime\Engine\Public\Animation\AnimCompressionTypes.h(518,26): warning C4996: 'ICompressedAnimData::SerializeCompressedData': SerializeCompressedData now accepts the DataOwner as an argument - Please update your code to the new API before upgrading to the next release, otherwise your project will no longer compile.
	ENGINE_API virtual void SerializeCompressedData(class FArchive& Ar) override;
	                        ^
[3/5] Link [x64] UnrealEditor-RiggedUnitBridge.lib
[4/5] Link [x64] UnrealEditor-RiggedUnitBridge.dll
[5/5] WriteMetadata UnrealEditor.target [NoUba]

Total time in Unreal Build Accelerator local executor: 9.44 seconds
Output binary: D:\Epic Games\UE_5.8\Engine\Binaries\Win64\UnrealEditor.exe

Result: Succeeded
Total execution time: 11.90 seconds
Trace written to file C:\Users\Andre\AppData\Local\UnrealBuildTool\Trace.uba with size 6.5kb
