ACTION 0 Compile
SharedPCH.UnrealEd.Project.ValApi.ValExpApi.Cpp20.cpp
D:\Epic Games\UE_5.8\Engine\Source\Runtime\CoreUObject\Public\UObject\Class.h(4314,31): warning C4996: 'UObject::GetAssetRegistryTags': Implement the version that takes FAssetRegistryTagsContext instead. - Please update your code to the new API before upgrading to the next release, otherwise your project will no longer compile.
	COREUOBJECT_API virtual void GetAssetRegistryTags(TArray<FAssetRegistryTag>& OutTags) const override;
	                             ^
D:\Epic Games\UE_5.8\Engine\Source\Runtime\CoreUObject\Public\UObject\Class.h(4341,43): warning C4996: 'UStruct::ActivateTrackingPropertyValueFlag': This API is internal to the engine. As such, there is no guarantee that it won't change or be removed in future releases. Please use at your own risk.
	UE_INTERNAL COREUOBJECT_API virtual bool ActivateTrackingPropertyValueFlag(EPropertyValueFlags Flags, void* Data) const override;
	                                         ^
D:\Epic Games\UE_5.8\Engine\Source\Runtime\CoreUObject\Public\UObject\Class.h(4342,43): warning C4996: 'UStruct::IsTrackingPropertyValueFlag': This API is internal to the engine. As such, there is no guarantee that it won't change or be removed in future releases. Please use at your own risk.
	UE_INTERNAL COREUOBJECT_API virtual bool IsTrackingPropertyValueFlag(EPropertyValueFlags Flags, const void* Data) const override;
	                                         ^
D:\Epic Games\UE_5.8\Engine\Source\Runtime\CoreUObject\Public\UObject\Class.h(4343,43): warning C4996: 'UStruct::HasPropertyValueFlag': This API is internal to the engine. As such, there is no guarantee that it won't change or be removed in future releases. Please use at your own risk.
	UE_INTERNAL COREUOBJECT_API virtual bool HasPropertyValueFlag(EPropertyValueFlags Flags, const void* Data, const FProperty* Property, int32 ArrayIndex = 0) const override;
	                                         ^
D:\Epic Games\UE_5.8\Engine\Source\Runtime\CoreUObject\Public\UObject\Class.h(4344,43): warning C4996: 'UStruct::SetPropertyValueFlag': This API is internal to the engine. As such, there is no guarantee that it won't change or be removed in future releases. Please use at your own risk.
	UE_INTERNAL COREUOBJECT_API virtual void SetPropertyValueFlag(EPropertyValueFlags Flags, bool bValue, void* Data, const FProperty* Property, int32 ArrayIndex = 0) const override;
	                                         ^
D:\Epic Games\UE_5.8\Engine\Source\Runtime\CoreUObject\Public\UObject\Class.h(4345,43): warning C4996: 'UStruct::ResetPropertyValueFlags': This API is internal to the engine. As such, there is no guarantee that it won't change or be removed in future releases. Please use at your own risk.
	UE_INTERNAL COREUOBJECT_API virtual void ResetPropertyValueFlags(EPropertyValueFlags Flags, void* Data) const override;
	                                         ^
D:\Epic Games\UE_5.8\Engine\Source\Runtime\CoreUObject\Public\UObject\Class.h(4346,43): warning C4996: 'UStruct::SerializePropertyValueFlags': This API is internal to the engine. As such, there is no guarantee that it won't change or be removed in future releases. Please use at your own risk.
	UE_INTERNAL COREUOBJECT_API virtual void SerializePropertyValueFlags(EPropertyValueFlags Flags, void* Data, FStructuredArchiveRecord Record, FArchiveFieldName Name) const override;
	                                         ^
D:\Epic Games\UE_5.8\Engine\Source\Runtime\Engine\Classes\Engine\BlueprintGeneratedClass.h(590,42): warning C4996: 'UObjectBaseUtility::GetVersePath': This API is internal to the engine. As such, there is no guarantee that it won't change or be removed in future releases. Please use at your own risk.
	ENGINE_API virtual UE::Core::FVersePath GetVersePath() const override;
	                                        ^
D:\Epic Games\UE_5.8\Engine\Source\Runtime\Engine\Public\Animation\AnimCurveMetadata.h(211,15): warning C4996: 'UObject::GetAssetRegistryTags': Implement the version that takes FAssetRegistryTagsContext instead. - Please update your code to the new API before upgrading to the next release, otherwise your project will no longer compile.
	virtual void GetAssetRegistryTags(TArray<FAssetRegistryTag>& OutTags) const override;
	             ^
D:\Epic Games\UE_5.8\Engine\Source\Runtime\Engine\Public\Animation\AnimCompressionTypes.h(518,26): warning C4996: 'ICompressedAnimData::SerializeCompressedData': SerializeCompressedData now accepts the DataOwner as an argument - Please update your code to the new API before upgrading to the next release, otherwise your project will no longer compile.
	ENGINE_API virtual void SerializeCompressedData(class FArchive& Ar) override;
	                        ^
D:\Epic Games\UE_5.8\Engine\Source\Runtime\Engine\Classes\Curves\CurveFloat.h(48,53): warning C4996: 'UCurveBase::GetCurves': Use version taking a TAdderReserverRef - Please update your code to the new API before upgrading to the next release, otherwise your project will no longer compile.
	ENGINE_API virtual TArray<FRichCurveEditInfoConst> GetCurves() const override;
	                                                   ^
D:\Epic Games\UE_5.8\Engine\Source\Runtime\Engine\Public\Materials\MaterialExpressionMaterialFunctionCall.h(126,51): warning C4996: 'UMaterialExpression::GetInputsView': Use FExpressionInputIterator instead or GetInput() directly. - Please update your code to the new API before upgrading to the next release, otherwise your project will no longer compile.
	ENGINE_API virtual TArrayView<FExpressionInput*> GetInputsView() override;
	                                                 ^
D:\Epic Games\UE_5.8\Engine\Source\Runtime\Engine\Public\Subsystems\WorldSubsystem.h(90,26): warning C4996: 'FTickableObjectBase::IsAllowedToTick': Use IsTickable for conditional ticks and SetTickableTickType to change the tick type after initial registration - Please update your code to the new API before upgrading to the next release, otherwise your project will no longer compile.
	ENGINE_API virtual bool IsAllowedToTick() const override final;
	                        ^
D:\Epic Games\UE_5.8\Engine\Source\Runtime\Engine\Classes\Components\SkeletalMeshComponent.h(2190,15): warning C4996: 'USkinnedMeshComponent::UpdateSlaveComponent': This method has been deprecated. Please use UpdateFollowerComponent instead. - Please update your code to the new API before upgrading to the next release, otherwise your project will no longer compile.
	virtual void UpdateSlaveComponent() override { UpdateFollowerComponent(); };
	             ^
D:\Epic Games\UE_5.8\Engine\Source\Runtime\Engine\Classes\Components\SkeletalMeshComponent.h(2198,26): warning C4996: 'USkinnedMeshComponent::SetSkeletalMesh': Use USkeletalMeshComponent::SetSkeletalMesh() or SetSkinnedAssetAndUpdate() instead. - Please update your code to the new API before upgrading to the next release, otherwise your project will no longer compile.
	ENGINE_API virtual void SetSkeletalMesh(class USkeletalMesh* NewMesh, bool bReinitPose = true) override;  // SetSkeletalMesh may remain and become a UFUNCTION but lose its virtual after it is removed from the SkinnedMeshComponent API
	                        ^
D:\Epic Games\UE_5.8\Engine\Source\Runtime\Engine\Classes\Engine\Texture.h(2069,26): warning C4996: 'UObject::GetAssetRegistryTags': Implement the version that takes FAssetRegistryTagsContext instead. - Please update your code to the new API before upgrading to the next release, otherwise your project will no longer compile.
	ENGINE_API virtual void GetAssetRegistryTags(TArray<FAssetRegistryTag>& OutTags) const override;
	                        ^
D:\Epic Games\UE_5.8\Engine\Source\Runtime\Engine\Classes\EdGraph\EdGraphSchema.h(631,26): warning C4996: 'FGraphActionListBuilderBase::AddAction': Overriding the schema action category is no longer supported, set the category via CosmeticUpdateRootCategory or CosmeticUpdateCategory - Please update your code to the new API before upgrading to the next release, otherwise your project will no longer compile.
	ENGINE_API virtual void AddAction(const TSharedPtr<FEdGraphSchemaAction>& NewAction, FString const& Category) override;
	                        ^
D:\Epic Games\UE_5.8\Engine\Source\Runtime\Engine\Classes\EdGraph\EdGraphSchema.h(633,26): warning C4996: 'FGraphActionListBuilderBase::AddActionList': Collections of Action lists were ambiguous and unused - make a compound FEdGraphSchemaAction and Add it - Please update your code to the new API before upgrading to the next release, otherwise your project will no longer compile.
	ENGINE_API virtual void AddActionList(const TArray<TSharedPtr<FEdGraphSchemaAction> >& NewActions, FString const& Category = FString()) override;
	                        ^
D:\Epic Games\UE_5.8\Engine\Source\Runtime\Engine\Classes\Engine\ChildConnection.h(75,16): warning C4996: 'UNetConnection::IsNetReady': Replaced with a version that doesn't have a saturate option. Call Saturate() directly if passing true before. - Please update your code to the new API before upgrading to the next release, otherwise your project will no longer compile.
	virtual int32 IsNetReady(bool Saturate) override
	              ^
D:\Epic Games\UE_5.8\Engine\Source\Runtime\Engine\Classes\Engine\SkeletalMesh.h(2606,26): warning C4996: 'UObject::GetAssetRegistryTags': Implement the version that takes FAssetRegistryTagsContext instead. - Please update your code to the new API before upgrading to the next release, otherwise your project will no longer compile.
	ENGINE_API virtual void GetAssetRegistryTags(TArray<FAssetRegistryTag>& OutTags) const override;
	                        ^
D:\Epic Games\UE_5.8\Engine\Source\Runtime\Engine\Classes\Engine\SkeletalMesh.h(3015,57): warning C4996: 'USkinnedAsset::GetLODInfoArray': Use GetLODInfo and GetLODNum instead. - Please update your code to the new API before upgrading to the next release, otherwise your project will no longer compile.
	ENGINE_API virtual const TArray<FSkeletalMeshLODInfo>& GetLODInfoArray() const override;
	                                                       ^
D:\Epic Games\UE_5.8\Engine\Source\Runtime\Engine\Classes\Engine\SkeletalMesh.h(3009,51): warning C4996: 'USkinnedAsset::GetLODInfoArray': Use GetLODInfo and GetLODNum instead. - Please update your code to the new API before upgrading to the next release, otherwise your project will no longer compile.
	ENGINE_API virtual TArray<FSkeletalMeshLODInfo>& GetLODInfoArray() override;
	                                                 ^
D:\Epic Games\UE_5.8\Engine\Source\Runtime\Engine\Classes\Engine\StaticMesh.h(2005,26): warning C4996: 'UObject::GetAssetRegistryTags': Implement the version that takes FAssetRegistryTagsContext instead. - Please update your code to the new API before upgrading to the next release, otherwise your project will no longer compile.
	ENGINE_API virtual void GetAssetRegistryTags(TArray<FAssetRegistryTag>& OutTags) const override;
	                        ^
D:\Epic Games\UE_5.8\Engine\Source\Runtime\Engine\Classes\Engine\Texture2D.h(125,15): warning C4996: 'UTexture::GetAssetRegistryTags': Implement the version that takes FAssetRegistryTagsContext instead. - Please update your code to the new API before upgrading to the next release, otherwise your project will no longer compile.
	virtual void GetAssetRegistryTags(TArray<FAssetRegistryTag>& OutTags) const override;
	             ^
D:\Epic Games\UE_5.8\Engine\Source\Runtime\Engine\Classes\Sound\SoundWave.h(1189,26): warning C4996: 'UObject::GetAssetRegistryTags': Implement the version that takes FAssetRegistryTagsContext instead. - Please update your code to the new API before upgrading to the next release, otherwise your project will no longer compile.
	ENGINE_API virtual void GetAssetRegistryTags(TArray<FAssetRegistryTag>& OutTags) const override;
	                        ^
D:\Epic Games\UE_5.8\Engine\Source\Runtime\Experimental\Chaos\Public\Chaos\Box.h(104,17): warning C4996: 'Chaos::FImplicitObject::GetRadius': Please use GetRadiusf instead. - Please update your code to the new API before upgrading to the next release, otherwise your project will no longer compile.
		virtual FReal GetRadius() const override
		              ^
D:\Epic Games\UE_5.8\Engine\Source\Runtime\Experimental\Chaos\Public\Chaos\Box.h(104,17): note: the template instantiation context (the oldest one first) is
D:\Epic Games\UE_5.8\Engine\Source\Runtime\Experimental\Chaos\Public\Chaos\GeometryParticles.h(151,8): note: while compiling class template 'Chaos::TGeometryParticlesImp'
	class TGeometryParticlesImp : public TSimpleGeometryParticles<T, d>
	      ^
D:\Epic Games\UE_5.8\Engine\Source\Runtime\Experimental\Chaos\Public\Chaos\GeometryParticles.h(588,21): note: see reference to class template instantiation 'Chaos::TBox<Chaos::FReal,3>' being compiled
				TBox<FReal, 3>::SerializeAsAABBs(Ar, MLocalBounds);
				                ^
D:\Epic Games\UE_5.8\Engine\Source\Runtime\Experimental\Chaos\Public\Chaos\ImplicitObjectTransformed.h(174,16): warning C4996: 'Chaos::FImplicitObject::GetMargin': Please use GetMarginf instead. - Please update your code to the new API before upgrading to the next release, otherwise your project will no longer compile.
	virtual FReal GetMargin() const override
	              ^
D:\Epic Games\UE_5.8\Engine\Source\Runtime\Experimental\Chaos\Public\Chaos\ImplicitObjectTransformed.h(174,16): note: the template instantiation context (the oldest one first) is
D:\Epic Games\UE_5.8\Engine\Source\Runtime\Experimental\Chaos\Public\Chaos\ImplicitObjectTransformed.h(458,61): note: see reference to class template instantiation 'Chaos::TImplicitObjectTransformed<Chaos::FReal,3,true>' being compiled
			TImplicitObjectTransformed<FReal, 3>* InnerTransformed = static_cast<TImplicitObjectTransformed<FReal, 3>*>(NewTransformed.GetReference());
			                                                         ^
D:\Epic Games\UE_5.8\Engine\Source\Runtime\Experimental\Chaos\Public\Chaos\ImplicitObjectTransformed.h(180,16): warning C4996: 'Chaos::FImplicitObject::GetRadius': Please use GetRadiusf instead. - Please update your code to the new API before upgrading to the next release, otherwise your project will no longer compile.
	virtual FReal GetRadius() const override
	              ^
D:\Epic Games\UE_5.8\Engine\Source\Editor\UnrealEd\Public\Toolkits\AssetEditorToolkit.h(168,28): warning C4996: 'IAssetEditorInstance::CloseWindow': Use CloseWindow that takes in an EAssetEditorCloseReason instead - Please update your code to the new API before upgrading to the next release, otherwise your project will no longer compile.
	UNREALED_API virtual bool CloseWindow() override;
	                          ^
ACTION 1 Compile
Module.Phase4CTools.cpp
ACTION 2 Compile
Phase4CLibrary.cpp
ACTION 3 Link
   Creating library E:/Repo/UE/Projects/MetaHumanTo3DCharacter/Working/Phase4C/NativeHost/Plugins/Phase4CTools/Intermediate/Build/Win64/x64/UnrealEditor/Development/Phase4CTools/UnrealEditor-Phase4CTools.lib and object E:/Repo/UE/Projects/MetaHumanTo3DCharacter/Working/Phase4C/NativeHost/Plugins/Phase4CTools/Intermediate/Build/Win64/x64/UnrealEditor/Development/Phase4CTools/UnrealEditor-Phase4CTools.exp
ACTION 4 Compile
ACTION 5 Link
ACTION 6 WriteMetadata
