Running AutomationTool...
Using bundled DotNet SDK version: 10.0 win-x64
Starting AutomationTool...
Parsing command line: BuildCookRun -project=E:/Repo/UE/Projects/MetaHumanTo3DCharacter/Working/Phase4F/BenchmarkRuns/01_FemaleBodyRigged/CleanProject/Benchmark1Smoke.uproject -nop4 -platform=Win64 -clientconfig=Development -skipbuild -nocompileeditor -cook -stage -pak -package -archive -archivedirectory=E:/Repo/UE/Projects/MetaHumanTo3DCharacter/Working/Phase4F/BenchmarkRuns/01_FemaleBodyRigged/PackagedSmoke -map=/Game/MetaHumanTo3DCharacter/Phase4F/BenchmarkRuns/01_FemaleBodyRigged/Smoke/L_DestinationSmoke -unattended -utf8output -AdditionalCookerOptions=-NoZenLocalFallback
Initializing script modules...
Total script module initialization time: 0.26 s.
Using C:\Program Files\Microsoft SQL Server Management Studio 22\Release\MSBuild\Current\Bin\MSBuild.exe
Executing commands...
Setting up ProjectParams for E:\Repo\UE\Projects\MetaHumanTo3DCharacter\Working\Phase4F\BenchmarkRuns\01_FemaleBodyRigged\CleanProject\Benchmark1Smoke.uproject
Benchmark1Smoke.uproject is has no code, but is being treated as a code-based project for platforms Android, IOS, Linux, Mac, TVOS, Win64 because: GeometryScripting plugin is enabled. Creating temporary .Target.cs files.
********** COOK COMMAND STARTED **********
System.IO.DirectoryNotFoundException: Could not find a part of the path 'E:\Repo\UE\Projects\MetaHumanTo3DCharacter\Working\Phase4F\BenchmarkRuns\01_FemaleBodyRigged\CleanProject\Binaries\Win64\Benchmark1SmokeEditor.target'.
   at Microsoft.Win32.SafeHandles.SafeFileHandle.CreateFile(String fullPath, FileMode mode, FileAccess access, FileShare share, FileOptions options)
   at System.IO.Strategies.OSFileStreamStrategy..ctor(String path, FileMode mode, FileAccess access, FileShare share, FileOptions options, Int64 preallocationSize, Nullable`1 unixCreateMode)
   at System.IO.Strategies.FileStreamHelpers.ChooseStrategyCore(String path, FileMode mode, FileAccess access, FileShare share, FileOptions options, Int64 preallocationSize, Nullable`1 unixCreateMode)
   at System.IO.FileStream..ctor(String path, FileMode mode, FileAccess access, FileShare share, Int32 bufferSize, FileOptions options, Int64 preallocationSize)
   at System.IO.FileStream..ctor(String path, FileMode mode, FileAccess access, FileShare share, Int32 bufferSize, FileOptions options)
   at EpicGames.Core.JsonObject.ParseUtf8File(String path)
   at EpicGames.Core.JsonObject.Read(FileReference file)
   at UnrealBuildTool.TargetReceipt.Read(FileReference Location, DirectoryReference EngineDir)
   at UnrealBuildTool.TargetReceipt.Read(FileReference Location)
   at AutomationTool.ProjectUtils.GetProjectTarget(FileReference ProjectFile, TargetType TargetType, UnrealTargetPlatform TargetPlatform, UnrealTargetConfiguration TargetConfiguration, Boolean Cmd)
   at AutomationTool.ProjectUtils.GetEditorForProject(FileReference ProjectFile)
   at AutomationTool.ProjectParams.get_UnrealExe()
   at AutomationScripts.Project.Cook(ProjectParams Params)
   at BuildCookRun.DoBuildCookRun(ProjectParams Params)
   at BuildCookRun.ExecuteBuild()
   at AutomationTool.BuildCommand.Execute()
   at AutomationTool.BuildCommand.ExecuteAsync()
   at AutomationTool.Automation.ExecuteAsync(List`1 CommandsToExecute, Dictionary`2 Commands)
   at AutomationTool.Automation.ExecuteAsync(List`1 CommandsToExecute, Dictionary`2 Commands)
   at AutomationTool.Automation.ProcessAsync(ParsedCommandLine AutomationToolCommandLine, HashSet`1 ScriptModuleAssemblies)
(see C:\Users\Andre\AppData\Roaming\Unreal Engine\AutomationTool\Logs\D+Epic+Games+UE_5.8\Log.txt for full exception trace)
AutomationTool executed for 0h 0m 4s
AutomationTool exiting with ExitCode=1 (Error_Unknown)
BUILD FAILED
